// Jest Snapshot v1, https://goo.gl/fbAQLP

exports[`snapshots: renders correctly: 1`] = `
<input
  type="text"
/>
`;
